[INFO] Scanning for projects...
[INFO] 
[INFO] ---------------------< com.clinic:doc-appointment >---------------------
[INFO] Building doc-appointment 0.0.1-SNAPSHOT
[INFO]   from pom.xml
[INFO] --------------------------------[ jar ]---------------------------------
[INFO] 
[INFO] --- resources:3.3.1:resources (default-resources) @ doc-appointment ---
[INFO] Copying 1 resource from src\main\resources to target\classes
[INFO] Copying 0 resource from src\main\resources to target\classes
[INFO] 
[INFO] --- compiler:3.14.1:compile (default-compile) @ doc-appointment ---
[INFO] Recompiling the module because of changed source code.
[INFO] Compiling 72 source files with javac [debug parameters release 17] to target\classes
[INFO] /C:/Users/HP Pavilion Gaming/Desktop/doc-appointment/doc-appointment/src/main/java/com/clinic/doc_appointment/config/SecurityConfig.java: C:\Users\HP Pavilion Gaming\Desktop\doc-appointment\doc-appointment\src\main\java\com\clinic\doc_appointment\config\SecurityConfig.java uses or overrides a deprecated API.
[INFO] /C:/Users/HP Pavilion Gaming/Desktop/doc-appointment/doc-appointment/src/main/java/com/clinic/doc_appointment/config/SecurityConfig.java: Recompile with -Xlint:deprecation for details.
[INFO] ------------------------------------------------------------------------
[INFO] BUILD SUCCESS
[INFO] ------------------------------------------------------------------------
[INFO] Total time:  8.386 s
[INFO] Finished at: 2026-03-21T00:14:22+05:30
[INFO] ------------------------------------------------------------------------
